gavrasm Gerd's AVR assembler version 5.1 (C)2021 by DG4FAC
----------------------------------------------------------

Path:        /home/anonimo/Desktop/sis_embarcados/avr-projects/interrupt_4/
Source file: interrupt_4.asm
Hex file:    interrupt_4.hex
Eeprom file: interrupt_4.eep
Compiled:    30.07.2022, 14:13:47
Pass:        2

     1: .MACRO CFG_STACK
     2:      LDI R16,HIGH(RAMEND) // R16 = RAMEND_HIGH
     3:      OUT SPH,R16 // SPH = R16
     4:      LDI R16,LOW(RAMEND) // ...
     5:      OUT SPL,R16
     6: .ENDMACRO
     7: 
     8: 
     9: .MACRO CFG_PORT
    10:        ; Configura porta D como leitura
    11:      LDI R16,0xFF
    12:      OUT DDRD,R16
    13:        ; Configura porta digital 3 como pullUp
    14:      LDI R17,(1<<PD3)
    15:      OUT PORTD,R17
    16:         ; Configura LED como write, restante como read.
    17:      LDI R16,(1<<PB5)
    18:      OUT DDRB,R16
    19:          ; Configura portal digital 8 e LED como pullUp e
    20:      LDI R17,(1<<PB5)
    21:      OUT PORTB,R17
    22: .ENDMACRO
    23: 
    24: .MACRO CFG_HANDLER
    25:        ; Configura INT1/Pino digital 3 como interrupt
    26:      LDI R16,(1<<ISC10)
    27:      sts EICRA,R16
    28:      sbi EIMSK,INT1
    29:        ; Configura PCINT0 como interrupt
    30:      LDS R16,PCICR
    31:      ORI R16,(1<<PCIE0)
    32:      STS PCICR,R16
    33:      ; Configura pino digital 8 como interrupt
    34:      LDS R17,PCMSK0
    35:      ORI R17,(1<<PCINT0)
    36:      STS PCMSK0,R17
    37: .ENDMACRO
    38: 
    39: // diz o microcontrolador especifico p/ o compilador
    40: .device ATMega328p
    41: // inicio da memoria de código
    42: .org 0x0000
    43: // pula pro inicio do código
    44: 000000   C00C  rjmp   INIT
    45: // INT0
    46: .org 0x0004
    47: 000004   C005  rjmp TURN_ON
    48: // PCINT0
    49: .org 0x0006
    50: 000006   C000  rjmp TURN_OFF
    51: 
    52: 
    53: TURN_OFF:                  ; desliga led
    54: 000007   E020  LDI R18, 0x00
    55: 000008   B925  OUT PORTB,R18
    56: 000009   9518  RETI
    57: 
    58: TURN_ON:
    59: 00000A   E220  LDI R18,(1<<PB5)        ; liga led
    60: 00000B   B925  OUT PORTB,R18
    61: 00000C   9518  RETI
    62: 
    63: 
    64: INIT:
    65:       CFG_STACK
    65: 00000D   E008  LDI R16,HIGH(RAMEND) // R16 = RAMEND_HIGH
    65: 00000E   BF0E  OUT SPH,R16 // SPH = R16
    65: 00000F   EF0F  LDI R16,LOW(RAMEND) // ...
    65: 000010   BF0D  OUT SPL,R16
    66:       CFG_PORT
    66:        ; Configura porta D como leitura
    66: 000011   EF0F  LDI R16,0xFF
    66: 000012   B90A  OUT DDRD,R16
    66:        ; Configura porta digital 3 como pullUp
    66: 000013   E018  LDI R17,(1<<PD3)
    66: 000014   B91B  OUT PORTD,R17
    66:         ; Configura LED como write, restante como read.
    66: 000015   E200  LDI R16,(1<<PB5)
    66: 000016   B904  OUT DDRB,R16
    66:          ; Configura portal digital 8 e LED como pullUp e
    66: 000017   E210  LDI R17,(1<<PB5)
    66: 000018   B915  OUT PORTB,R17
    67:       CFG_HANDLER
    67:        ; Configura INT1/Pino digital 3 como interrupt
    67: 000019   E004  LDI R16,(1<<ISC10)
    67: 00001A   9300  sts EICRA,R16
        00001B   0069
    67: 00001C   9AE9  sbi EIMSK,INT1
    67:        ; Configura PCINT0 como interrupt
    67: 00001D   9100  LDS R16,PCICR
        00001E   0068
    67: 00001F   6001  ORI R16,(1<<PCIE0)
    67: 000020   9300  STS PCICR,R16
        000021   0068
    67:      ; Configura pino digital 8 como interrupt
    67: 000022   9110  LDS R17,PCMSK0
        000023   006B
    67: 000024   6011  ORI R17,(1<<PCINT0)
    67: 000025   9310  STS PCMSK0,R17
        000026   006B
    68: 000027   9478  SEI
    69: 
    70: 000028   CFFF  RJMP LOOP
    71: 

List of symbols:
Type nDef nUsed             Decimalval           Hexval Name
  T     1     1                    171               AB ATMEGA328P
  L     1     2                      7               07 TURN_OFF
  L     1     2                     10               0A TURN_ON
  L     1     2                     13               0D INIT
  L     1     2                     40               28 LOOP
  C     1     0                     22               16 NOW_Y
  C     1     0                      7               07 NOW_M
  C     1     0                     30               1E NOW_D
  C     1     0                  44772             AEE4 NOW_I

List of macros:
nLines nUsed nParams Name
     4     1       0 CFG_STACK
    12     1       0 CFG_PORT
    12     1       0 CFG_HANDLER

Program             :       37 words.
Constants           :        0 words.
Total program memory:       37 words.
Eeprom space        :        0 bytes.
Data segment        :        0 bytes.
Compilation completed, no errors.
Compilation ended 30.07.2022, 14:13:47
